// Jest Snapshot v1, https://goo.gl/fbAQLP

exports[`Components: ExpenseListItem: Render Expense List Item 1`] = `
<div>
  <h3>
    <Link
      replace={false}
      to="edit/1"
    >
      test
    </Link>
  </h3>
  <p>
    $
    1
     - Created At: 
    864000000
  </p>
</div>
`;
