// Jest Snapshot v1, https://goo.gl/fbAQLP

exports[`Components: Header: Render Header 1`] = `
<header>
  <h1>
    Expensify
  </h1>
  <NavLink
    activeClassName="is-active"
    aria-current="page"
    to="/dashboard"
  >
    Dashboard 
  </NavLink>
  <NavLink
    activeClassName="is-active"
    aria-current="page"
    to="/new"
  >
    New 
  </NavLink>
  <button
    onClick={[MockFunction]}
  >
    Sign Out
  </button>
  <br />
  ------------------------------
</header>
`;
