// Jest Snapshot v1, https://goo.gl/fbAQLP

exports[`Component Snapshot 1`] = `
<div
  className="box-layout"
>
  <div
    className="box-layout__box"
  >
    <h1
      className="box-layout__title"
    >
      Expensify
    </h1>
    <p>
      Easily manager your budget
    </p>
    <button
      className="button"
      onClick={[MockFunction]}
    >
      Sign In with Google
    </button>
  </div>
</div>
`;
